// Jest Snapshot v1, https://goo.gl/fbAQLP

exports[`communication/send-email/mailchimp SendEmail when all inputs are correct should return messageId as result 1`] = `
Object {
  "value": Object {
    "messageId": "67c75f4cc6814732af7b4a53446a74a8",
  },
}
`;

exports[`communication/send-email/mailchimp SendEmail when inputs are invalid should throw an exception 1`] = `
Object {
  "error": "HTTPError: Expected HTTP error
AST Path: definitions[0].statements[3].responseHandlers[1].statements[1]
Original Map Location: Line 51, column 7",
}
`;
