// Jest Snapshot v1, https://goo.gl/fbAQLP

exports[`communication/send-email/mailgun SendEmail when all inputs are correct should return messageId as result 1`] = `
Object {
  "value": Object {
    "messageId": "<20210924075951.1.7AF8B5427F9D5288@demo.superface.org>",
  },
}
`;

exports[`communication/send-email/mailgun SendEmail when inputs are invalid should throw an exception 1`] = `
Object {
  "error": "HTTPError: Expected HTTP error
AST Path: definitions[0].statements[4].responseHandlers[1].statements[0]
Original Map Location: Line 38, column 7",
}
`;
