// Jest Snapshot v1, https://goo.gl/fbAQLP

exports[`communication/send-email/sendgrid SendEmail when all inputs are correct should return messageId as result 1`] = `
Object {
  "value": Object {
    "messageId": "lzQgRi0xSDGJzSXdcKjXFA",
  },
}
`;

exports[`communication/send-email/sendgrid SendEmail when inputs are invalid should throw an exception 1`] = `
Object {
  "error": "HTTPError: Expected HTTP error
AST Path: definitions[0].statements[4].responseHandlers[1].statements[0]
Original Map Location: Line 45, column 7",
}
`;
