// Jest Snapshot v1, https://goo.gl/fbAQLP

exports[`starwars/character-information/swapi performs correctly 1`] = `
Object {
  "height": "172",
  "weight": "77",
  "yearOfBirth": "19BBY",
}
`;
