// Jest Snapshot v1, https://goo.gl/fbAQLP

exports[`communication/send-templated-email/mailchimp SendTemplatedEmail when all inputs are correct should return messageId as result 1`] = `
Object {
  "value": Object {
    "messageId": "bf2603d71b75479b83195d774a6ca326",
  },
}
`;

exports[`communication/send-templated-email/mailchimp SendTemplatedEmail when inputs are invalid should throw error 1`] = `
Object {
  "error": "HTTPError: Expected HTTP error
AST Path: definitions[0].statements[0].responseHandlers[1].statements[1]
Original Map Location: Line 42, column 7",
}
`;
