// Jest Snapshot v1, https://goo.gl/fbAQLP

exports[`communication/send-templated-email/mailgun SendTemplatedEmail when all inputs are correct should return messageId as result 1`] = `
Object {
  "value": Object {
    "messageId": "<20210924083001.1.87AA7862F3410AB2@demo.superface.org>",
  },
}
`;

exports[`communication/send-templated-email/mailgun SendTemplatedEmail when inputs are invalid should throw error 1`] = `
Object {
  "error": "HTTPError: Expected HTTP error
AST Path: definitions[0].statements[1].responseHandlers[1].statements[0]
Original Map Location: Line 30, column 7",
}
`;
