// Jest Snapshot v1, https://goo.gl/fbAQLP

exports[`communication/send-templated-email/sendgrid SendTemplatedEmail when all inputs are correct should return messageId as result 1`] = `
Object {
  "value": Object {
    "messageId": "iaddJEeRQC-9OHwc0ELJYA",
  },
}
`;

exports[`communication/send-templated-email/sendgrid SendTemplatedEmail when inputs are invalid should throw error 1`] = `
Object {
  "error": "HTTPError: Expected HTTP error
AST Path: definitions[0].statements[1].responseHandlers[1].statements[0]
Original Map Location: Line 35, column 7",
}
`;
